Class 8 08/05/2025

There are two important files a user administrator should be aware of.  
 
1. "/etc/passwd" 
2. "/etc/shadow" 
3. "/etc/group"

Each of the above mentioned files have specific formats. 
 
/etc/passwd 

root:x:0:0:root:/root:/bin/bash

The fields are
=============== 
root	====> username 
x	====> link to password file i.e. /etc/shadow 
0 	====> UID (user id) 
0 	====> GID (group id) 
root	====> comment (brief information about the user) 
/root	====> home directory of the user 
/bin/bash====> shell info 

/etc/shadow 
 
root:$6$LVDqrJ.1$QVk91xIv6dS9wgt1Zn8bB/xB8wKJuft4DkMCDVsBLnbps4izbPYOyK66TimdH2mLdPEbxDbRyB57.l9bzvAk3/:20207:0:99999:7:5:3:
 
The fields are
=============== 
root	====> User name
$6$LVDq ====> Encrypted password 
20207	====> Days since that password was last changed  (Jan 06, 1970)
0 	====> Days after which password must be changed (minimum password age)
99999	====> Days before password is to expire that user is warned. (maximum password age)
7	====> Days after the password is expires that the user is disabled. (warning days)
5	====> Password expires days
3	====> Password inactive days
:	====> reserved field

/etc/group

root:x:0:

The fields are
===============
root	====> Groupname
x	====> Olden days password used field
0	====> Gid
::	====> Secondary groupnames

Changing of the password parameters can be done by two ways. 
============================================================
1) *chage  <username>
	
# chage -l root
Last password change                                    : Apr 29, 2025
Password expires                                        : never
Password inactive                                       : never
Account expires                                         : never
Minimum number of days between password change          : 0
Maximum number of days between password change          : 99999
Number of days of warning before password expires       : 7

# chage username  ======> This command will allow you to change expirydays, warningdays, minimum passwordage and maximum passwordage at a time.

2) *passwd <options> <value>

# passwd -x maxdays username  ======> Maximum number of days between password change
# passwd -S username	=====> Show the password current status
# passwd -l username	=====> Lock the password for specifed user
# passwd -u username	=====> Unlock the password for the user
# passwd -n mindays username	======> Minimum number of days between password change
# passwd -e expirydays username ======> Change the expiry date of the passwd for the specified user

Lab Session:
============

unixuser 1....10   ======> Need to chnage any of the aboe password parameter
unixadmin 1....10  ======> Need to chnage any of the aboe password parameter

Class Session Outputs:
======================

Network error: Connection timed out

--------------------------------------------------------------------------------------------------------------------------------------------------------------------------------------------------------------

Session stopped
    - Press <Return> to exit tab
    - Press R to restart session
    - Press S to save terminal output to file

Network error: Connection timed out

--------------------------------------------------------------------------------------------------------------------------------------------------------------------------------------------------------------

Session stopped
    - Press <Return> to exit tab
    - Press R to restart session
    - Press S to save terminal output to file
login as: root
    +----------------------------------------------------------------------+
    ¦                 • MobaXterm Personal Edition v24.2 •                 ¦
    ¦               (SSH client, X server and network tools)               ¦
    ¦                                                                      ¦
    ¦ ? SSH session to root@192.168.29.176                                 ¦
    ¦   • Direct SSH      :  ?                                             ¦
    ¦   • SSH compression :  ?                                             ¦
    ¦   • SSH-browser     :  ?                                             ¦
    ¦   • X11-forwarding  :  ?  (disabled or not supported by server)      ¦
    ¦                                                                      ¦
    ¦ ? For more info, ctrl+click on help or visit our website.            ¦
    +----------------------------------------------------------------------+

Last login: Wed May  7 19:22:13 2025 from 192.168.29.79
[root@gvnkansiblesrv ~]#
[root@gvnkansiblesrv ~]#
[root@gvnkansiblesrv ~]#
[root@gvnkansiblesrv ~]#
[root@gvnkansiblesrv ~]# grep -i root /etc/passwd
root:x:0:0:root:/root:/bin/bash
operator:x:11:0:operator:/root:/sbin/nologin
[root@gvnkansiblesrv ~]#
[root@gvnkansiblesrv ~]# grep -i root /etc/shadow
root:$6$LVDqrJ.1$QVk91xIv6dS9wgt1Zn8bB/xB8wKJuft4DkMCDVsBLnbps4izbPYOyK66TimdH2mLdPEbxDbRyB57.l9bzvAk3/:20207:0:99999:7:::
[root@gvnkansiblesrv ~]#
[root@gvnkansiblesrv ~]#
[root@gvnkansiblesrv ~]# grep -i root /etc/group
root:x:0:
[root@gvnkansiblesrv ~]#
[root@gvnkansiblesrv ~]#

[root@gvnkansiblesrv ~]#
[root@gvnkansiblesrv ~]# chage -l root
Last password change                                    : Apr 29, 2025
Password expires                                        : never
Password inactive                                       : never
Account expires                                         : never
Minimum number of days between password change          : 0
Maximum number of days between password change          : 99999
Number of days of warning before password expires       : 7
[root@gvnkansiblesrv ~]#
Remote side unexpectedly closed network connection

--------------------------------------------------------------------------------------------------------------------------------------------------------------------------------------------------------------

Session stopped
    - Press <Return> to exit tab
    - Press R to restart session
    - Press S to save terminal output to file

Network error: Connection timed out

--------------------------------------------------------------------------------------------------------------------------------------------------------------------------------------------------------------

Session stopped
    - Press <Return> to exit tab
    - Press R to restart session
    - Press S to save terminal output to file

Network error: Connection timed out

--------------------------------------------------------------------------------------------------------------------------------------------------------------------------------------------------------------

Session stopped
    - Press <Return> to exit tab
    - Press R to restart session
    - Press S to save terminal output to file
login as: root
    +----------------------------------------------------------------------+
    ¦                 • MobaXterm Personal Edition v24.2 •                 ¦
    ¦               (SSH client, X server and network tools)               ¦
    ¦                                                                      ¦
    ¦ ? SSH session to root@192.168.29.176                                 ¦
    ¦   • Direct SSH      :  ?                                             ¦
    ¦   • SSH compression :  ?                                             ¦
    ¦   • SSH-browser     :  ?                                             ¦
    ¦   • X11-forwarding  :  ?  (disabled or not supported by server)      ¦
    ¦                                                                      ¦
    ¦ ? For more info, ctrl+click on help or visit our website.            ¦
    +----------------------------------------------------------------------+

Last login: Thu May  8 19:13:48 2025 from 192.168.29.79
[root@gvnkansiblesrv ~]#
[root@gvnkansiblesrv ~]#
[root@gvnkansiblesrv ~]#
/e[root@gvnkansiblesrv ~]#
[root@gvnkansiblesrv ~]# cat /etc/group
root:x:0:
bin:x:1:
daemon:x:2:
sys:x:3:
adm:x:4:
tty:x:5:
disk:x:6:
lp:x:7:
mem:x:8:
kmem:x:9:
wheel:x:10:
cdrom:x:11:
mail:x:12:postfix
man:x:15:
dialout:x:18:
floppy:x:19:
games:x:20:
tape:x:30:
video:x:39:
ftp:x:50:
lock:x:54:
audio:x:63:
nobody:x:99:
users:x:100:
utmp:x:22:
utempter:x:35:
ssh_keys:x:999:
input:x:998:
systemd-journal:x:190:
systemd-network:x:192:
dbus:x:81:
polkitd:x:997:
postdrop:x:90:
postfix:x:89:
sshd:x:74:
ansiadmin:x:1000:
ashok:x:5200:
rpc:x:32:
rpcuser:x:29:
nfsnobody:x:65534:
admin:x:5301:
gvnk:x:5302:
apache:x:48:
tomcat:x:91:
admins:x:1200:
[root@gvnkansiblesrv ~]#
[root@gvnkansiblesrv ~]#
[root@gvnkansiblesrv ~]# id postfix
uid=89(postfix) gid=89(postfix) groups=89(postfix),12(mail)
[root@gvnkansiblesrv ~]#
[root@gvnkansiblesrv ~]#
[root@gvnkansiblesrv ~]#
[root@gvnkansiblesrv ~]#
[root@gvnkansiblesrv ~]#
[root@gvnkansiblesrv ~]#
[root@gvnkansiblesrv ~]#
[root@gvnkansiblesrv ~]#
[root@gvnkansiblesrv ~]# grep -i imran /etc/shadow
imran:$6$qepF8CYU$aE3guc1rqUcEwJTAYJtwxygalUVLnksVW6o1RMzTkdSmUsokT7uzYM9GVxfuj2JZVcJYRFBAxh2hdZjDioQSL/:20215:0:99999:7:::
[root@gvnkansiblesrv ~]#
[root@gvnkansiblesrv ~]#
[root@gvnkansiblesrv ~]# chage -l imran
Last password change                                    : May 07, 2025
Password expires                                        : never
Password inactive                                       : never
Account expires                                         : never
Minimum number of days between password change          : 0
Maximum number of days between password change          : 99999
Number of days of warning before password expires       : 7
[root@gvnkansiblesrv ~]#
[root@gvnkansiblesrv ~]#
[root@gvnkansiblesrv ~]# chage imran
Changing the aging information for imran
Enter the new value, or press ENTER for the default

        Minimum Password Age [0]:
        Maximum Password Age [99999]:
        Last Password Change (YYYY-MM-DD) [2025-05-07]:
        Password Expiration Warning [7]:
        Password Inactive [-1]:
        Account Expiration Date (YYYY-MM-DD) [-1]:
[root@gvnkansiblesrv ~]#
[root@gvnkansiblesrv ~]# chage imran
Changing the aging information for imran
Enter the new value, or press ENTER for the default

        Minimum Password Age [0]:
        Maximum Password Age [99999]: 90
        Last Password Change (YYYY-MM-DD) [2025-05-07]:
        Password Expiration Warning [7]: 5
        Password Inactive [-1]: 3
        Account Expiration Date (YYYY-MM-DD) [-1]: 5
[root@gvnkansiblesrv ~]#
[root@gvnkansiblesrv ~]# grep -i imran /etc/shadow
imran:$6$qepF8CYU$aE3guc1rqUcEwJTAYJtwxygalUVLnksVW6o1RMzTkdSmUsokT7uzYM9GVxfuj2JZVcJYRFBAxh2hdZjDioQSL/:20215:0:90:5:3:5:
[root@gvnkansiblesrv ~]#
[root@gvnkansiblesrv ~]#
[root@gvnkansiblesrv ~]# chage -l imran
Last password change                                    : May 07, 2025
Password expires                                        : Aug 05, 2025
Password inactive                                       : Aug 08, 2025
Account expires                                         : Jan 06, 1970
Minimum number of days between password change          : 0
Maximum number of days between password change          : 90
Number of days of warning before password expires       : 5
[root@gvnkansiblesrv ~]#
[root@gvnkansiblesrv ~]#
[root@gvnkansiblesrv ~]#
[root@gvnkansiblesrv ~]# cd /tmp/
[root@gvnkansiblesrv tmp]# ls -l
total 32
-rw-r--r-- 3 root      root    14 May  5 19:46 file
-rw-r--r-- 1 root      root    89 Apr 29 21:14 file1
-rw-r--r-- 1 root      root    74 Apr 29 21:14 file2
-rw-r--r-- 1 root      root    74 Apr 29 21:18 file3
-rw-r--r-- 1 root      root     0 May  2 19:52 file33
-rw-r--r-- 1 root      root    10 May  2 19:52 file34
-rw-r--r-- 1 root      root    74 Apr 29 21:19 file3.bkp
lrwxrwxrwx 1 root      root    27 May  5 19:37 file55 -> /home/ashok/imran_md/file55
drwxr-xr-x 3 root      root    18 May 29  2024 ganaimp
drwxr-xr-x 3 root      root    18 May 29  2024 gvnk
-rw-rw-r-- 1 gvnk      gvnk    21 May  7 19:46 gvnk1
drwxr-xr-x 4 root      root    42 May 29  2024 gvnkch
drwxr-xr-x 2 tomcat    tomcat  18 May  9 19:01 hsperfdata_tomcat
drwxr-xr-x 2 imran     admins   6 May  7 20:51 imrandir1
-rw-r--r-- 1 imran     admins   0 May  7 20:51 imranfile23
dr-xr-xr-x 3 root      root   128 May  5 20:42 kumar
drwxr-xr-x 3 root      root    21 May  5 19:42 oracle
-rw-r--r-- 1 root      root   178 Apr 29 21:22 srvinfo
drwx------ 3 root      root    17 May  9 19:01 systemd-private-01a2f61730004fe7b02a50d29094e31f-httpd.service-3A09Nh
drwx------ 3 root      root    17 May  9 19:01 systemd-private-01a2f61730004fe7b02a50d29094e31f-vgauthd.service-H2wBHy
drwx------ 3 root      root    17 May  9 19:01 systemd-private-01a2f61730004fe7b02a50d29094e31f-vmtoolsd.service-UnndCJ
drwxr-xr-x 2 unixuser1 admins   6 May  7 20:36 unixdir1
-rw-r--r-- 1 unixuser1 admins   0 May  7 20:36 unixfile23
[root@gvnkansiblesrv tmp]#
[root@gvnkansiblesrv tmp]#
[root@gvnkansiblesrv tmp]#
[root@gvnkansiblesrv tmp]# id
uid=0(root) gid=0(root) groups=0(root)
[root@gvnkansiblesrv tmp]#
[root@gvnkansiblesrv tmp]# su - gvnk
Last login: Wed May  7 20:20:48 IST 2025 on pts/2



[gvnk@gvnkansiblesrv ~]$
[gvnk@gvnkansiblesrv ~]$
[gvnk@gvnkansiblesrv ~]$
[gvnk@gvnkansiblesrv ~]$
[gvnk@gvnkansiblesrv ~]$ cd /tmp/
[gvnk@gvnkansiblesrv tmp]$ ls -lrt
total 32
drwxr-xr-x 3 root      root    18 May 29  2024 gvnk
drwxr-xr-x 4 root      root    42 May 29  2024 gvnkch
drwxr-xr-x 3 root      root    18 May 29  2024 ganaimp
-rw-r--r-- 1 root      root    89 Apr 29 21:14 file1
-rw-r--r-- 1 root      root    74 Apr 29 21:14 file2
-rw-r--r-- 1 root      root    74 Apr 29 21:18 file3
-rw-r--r-- 1 root      root    74 Apr 29 21:19 file3.bkp
-rw-r--r-- 1 root      root   178 Apr 29 21:22 srvinfo
-rw-r--r-- 1 root      root     0 May  2 19:52 file33
-rw-r--r-- 1 root      root    10 May  2 19:52 file34
lrwxrwxrwx 1 root      root    27 May  5 19:37 file55 -> /home/ashok/imran_md/file55
drwxr-xr-x 3 root      root    21 May  5 19:42 oracle
-rw-r--r-- 3 root      root    14 May  5 19:46 file
dr-xr-xr-x 3 root      root   128 May  5 20:42 kumar
-rw-rw-r-- 1 gvnk      gvnk    21 May  7 19:46 gvnk1
drwxr-xr-x 2 unixuser1 admins   6 May  7 20:36 unixdir1
-rw-r--r-- 1 unixuser1 admins   0 May  7 20:36 unixfile23
drwxr-xr-x 2 imran     admins   6 May  7 20:51 imrandir1
-rw-r--r-- 1 imran     admins   0 May  7 20:51 imranfile23
drwx------ 3 root      root    17 May  9 19:01 systemd-private-01a2f61730004fe7b02a50d29094e31f-vgauthd.service-H2wBHy
drwx------ 3 root      root    17 May  9 19:01 systemd-private-01a2f61730004fe7b02a50d29094e31f-vmtoolsd.service-UnndCJ
drwx------ 3 root      root    17 May  9 19:01 systemd-private-01a2f61730004fe7b02a50d29094e31f-httpd.service-3A09Nh
drwxr-xr-x 2 tomcat    tomcat  18 May  9 19:01 hsperfdata_tomcat
[gvnk@gvnkansiblesrv tmp]$
[gvnk@gvnkansiblesrv tmp]$
[gvnk@gvnkansiblesrv tmp]$
[gvnk@gvnkansiblesrv tmp]$ cat imranfile23
[gvnk@gvnkansiblesrv tmp]$
[gvnk@gvnkansiblesrv tmp]$
[gvnk@gvnkansiblesrv tmp]$ logout
[root@gvnkansiblesrv tmp]#
[root@gvnkansiblesrv tmp]#
[root@gvnkansiblesrv tmp]#
[root@gvnkansiblesrv tmp]#
[root@gvnkansiblesrv tmp]#
[root@gvnkansiblesrv tmp]# grep -i imran /etc/shadow
imran:$6$qepF8CYU$aE3guc1rqUcEwJTAYJtwxygalUVLnksVW6o1RMzTkdSmUsokT7uzYM9GVxfuj2JZVcJYRFBAxh2hdZjDioQSL/:20215:0:90:5:3:5:
[root@gvnkansiblesrv tmp]#
[root@gvnkansiblesrv tmp]#
[root@gvnkansiblesrv tmp]#
[root@gvnkansiblesrv tmp]# passwd -e 7 imran
passwd: Only one user name may be specified.
[root@gvnkansiblesrv tmp]#
[root@gvnkansiblesrv tmp]# grep -i imran /etc/shadow
imran:$6$qepF8CYU$aE3guc1rqUcEwJTAYJtwxygalUVLnksVW6o1RMzTkdSmUsokT7uzYM9GVxfuj2JZVcJYRFBAxh2hdZjDioQSL/:20215:0:90:5:3:5:
[root@gvnkansiblesrv tmp]#
[root@gvnkansiblesrv tmp]# passwd -E 7 imran
passwd: bad argument -E: unknown option
[root@gvnkansiblesrv tmp]#
[root@gvnkansiblesrv tmp]# passwd -E 7 imran
passwd: bad argument -E: unknown option
[root@gvnkansiblesrv tmp]# passwd -w 7 imran
Adjusting aging data for user imran.
passwd: Success
[root@gvnkansiblesrv tmp]#
[root@gvnkansiblesrv tmp]#
[root@gvnkansiblesrv tmp]# grep -i imran /etc/shadow
imran:$6$qepF8CYU$aE3guc1rqUcEwJTAYJtwxygalUVLnksVW6o1RMzTkdSmUsokT7uzYM9GVxfuj2JZVcJYRFBAxh2hdZjDioQSL/:20215:0:90:7:3:5:
[root@gvnkansiblesrv tmp]#
[root@gvnkansiblesrv tmp]#
[root@gvnkansiblesrv tmp]#
[root@gvnkansiblesrv tmp]# chage -l imran
Last password change                                    : May 07, 2025
Password expires                                        : Aug 05, 2025
Password inactive                                       : Aug 08, 2025
Account expires                                         : Jan 06, 1970
Minimum number of days between password change          : 0
Maximum number of days between password change          : 90
Number of days of warning before password expires       : 7
[root@gvnkansiblesrv tmp]#
[root@gvnkansiblesrv tmp]#
[root@gvnkansiblesrv tmp]#
[root@gvnkansiblesrv tmp]# passwd -x 99999 imran
Adjusting aging data for user imran.
passwd: Success
[root@gvnkansiblesrv tmp]#
[root@gvnkansiblesrv tmp]# grep -i imran /etc/shadow
imran:$6$qepF8CYU$aE3guc1rqUcEwJTAYJtwxygalUVLnksVW6o1RMzTkdSmUsokT7uzYM9GVxfuj2JZVcJYRFBAxh2hdZjDioQSL/:20215:0:99999:7:3:5:
[root@gvnkansiblesrv tmp]#
[root@gvnkansiblesrv tmp]#
[root@gvnkansiblesrv tmp]#
[root@gvnkansiblesrv tmp]# passwd -n 2 imran
Adjusting aging data for user imran.
passwd: Success
[root@gvnkansiblesrv tmp]#
[root@gvnkansiblesrv tmp]# grep -i imran /etc/shadow
imran:$6$qepF8CYU$aE3guc1rqUcEwJTAYJtwxygalUVLnksVW6o1RMzTkdSmUsokT7uzYM9GVxfuj2JZVcJYRFBAxh2hdZjDioQSL/:20215:2:99999:7:3:5:
[root@gvnkansiblesrv tmp]#
[root@gvnkansiblesrv tmp]#
[root@gvnkansiblesrv tmp]#
[root@gvnkansiblesrv tmp]# su - imran
Last login: Wed May  7 21:01:58 IST 2025 on pts/2
[imran@gvnkansiblesrv ~]$
[imran@gvnkansiblesrv ~]$
[imran@gvnkansiblesrv ~]$ id
uid=1490(imran) gid=1200(admins) groups=1200(admins)
[imran@gvnkansiblesrv ~]$
[imran@gvnkansiblesrv ~]$
[imran@gvnkansiblesrv ~]$ passwd -S imran
Only root can do that.
[imran@gvnkansiblesrv ~]$
[imran@gvnkansiblesrv ~]$ passwd imran
passwd: Only root can specify a user name.
[imran@gvnkansiblesrv ~]$
[imran@gvnkansiblesrv ~]$
[imran@gvnkansiblesrv ~]$ passwd
Changing password for user imran.
Changing password for imran.
(current) UNIX password:
passwd: Authentication token manipulation error
[imran@gvnkansiblesrv ~]$
[imran@gvnkansiblesrv ~]$ logout
[root@gvnkansiblesrv tmp]#
[root@gvnkansiblesrv tmp]# passwd -n 0 imran
Adjusting aging data for user imran.
passwd: Success
[root@gvnkansiblesrv tmp]#
[root@gvnkansiblesrv tmp]# grep -i imran /etc/shadow
imran:$6$qepF8CYU$aE3guc1rqUcEwJTAYJtwxygalUVLnksVW6o1RMzTkdSmUsokT7uzYM9GVxfuj2JZVcJYRFBAxh2hdZjDioQSL/:20215:0:99999:7:3:5:
[root@gvnkansiblesrv tmp]#
[root@gvnkansiblesrv tmp]# su - imran
Last login: Fri May  9 20:09:29 IST 2025 on pts/0
[imran@gvnkansiblesrv ~]$
[imran@gvnkansiblesrv ~]$ passwd
Changing password for user imran.
Changing password for imran.
(current) UNIX password:
passwd: Authentication token manipulation error
[imran@gvnkansiblesrv ~]$
[imran@gvnkansiblesrv ~]$ logout
[root@gvnkansiblesrv tmp]#
[root@gvnkansiblesrv tmp]#
[root@gvnkansiblesrv tmp]#
[root@gvnkansiblesrv tmp]# passwd imran
Changing password for user imran.
New password:
BAD PASSWORD: The password contains the user name in some form
Retype new password:
passwd: all authentication tokens updated successfully.
[root@gvnkansiblesrv tmp]#
[root@gvnkansiblesrv tmp]#
[root@gvnkansiblesrv tmp]# su - imran
Last login: Fri May  9 20:10:49 IST 2025 on pts/0
[imran@gvnkansiblesrv ~]$
[imran@gvnkansiblesrv ~]$
[imran@gvnkansiblesrv ~]$ passwd
Changing password for user imran.
Changing password for imran.
(current) UNIX password:
passwd: Authentication token manipulation error
[imran@gvnkansiblesrv ~]$
[imran@gvnkansiblesrv ~]$ logout
[root@gvnkansiblesrv tmp]#
[root@gvnkansiblesrv tmp]#
[root@gvnkansiblesrv tmp]#
[root@gvnkansiblesrv tmp]# id imran
uid=1490(imran) gid=1200(admins) groups=1200(admins)
[root@gvnkansiblesrv tmp]#
[root@gvnkansiblesrv tmp]# chage -l imran
Last password change                                    : May 09, 2025
Password expires                                        : never
Password inactive                                       : never
Account expires                                         : Jan 06, 1970
Minimum number of days between password change          : 0
Maximum number of days between password change          : 99999
Number of days of warning before password expires       : 7
[root@gvnkansiblesrv tmp]#
[root@gvnkansiblesrv tmp]#
[root@gvnkansiblesrv tmp]#
[root@gvnkansiblesrv tmp]# chage imran
Changing the aging information for imran
Enter the new value, or press ENTER for the default

        Minimum Password Age [0]:
        Maximum Password Age [99999]:
        Last Password Change (YYYY-MM-DD) [2025-05-09]:
        Password Expiration Warning [7]:
        Password Inactive [3]: -1
        Account Expiration Date (YYYY-MM-DD) [1970-01-06]: -1
[root@gvnkansiblesrv tmp]#
[root@gvnkansiblesrv tmp]# chage -l imran
Last password change                                    : May 09, 2025
Password expires                                        : never
Password inactive                                       : never
Account expires                                         : never
Minimum number of days between password change          : 0
Maximum number of days between password change          : 99999
Number of days of warning before password expires       : 7
[root@gvnkansiblesrv tmp]#
[root@gvnkansiblesrv tmp]#
[root@gvnkansiblesrv tmp]#
[root@gvnkansiblesrv tmp]#
[root@gvnkansiblesrv tmp]#
[root@gvnkansiblesrv tmp]# passwd -n 2 imran
Adjusting aging data for user imran.
passwd: Success
[root@gvnkansiblesrv tmp]#
[root@gvnkansiblesrv tmp]#
[root@gvnkansiblesrv tmp]# grep -i imran /etc/shadow
imran:$6$Ccts4Veg$u2l.RCd39qY0c27ck6/XN.b3XbfhoGvh0VWNBAsLFu68MTW/c2g3MVFzx6yEZcWV.vnCjOPprqBw/qM/3CiHS/:20217:2:99999:7:::
[root@gvnkansiblesrv tmp]#
[root@gvnkansiblesrv tmp]#
[root@gvnkansiblesrv tmp]#
[root@gvnkansiblesrv tmp]# chage -l imran
Last password change                                    : May 09, 2025
Password expires                                        : never
Password inactive                                       : never
Account expires                                         : never
Minimum number of days between password change          : 2
Maximum number of days between password change          : 99999
Number of days of warning before password expires       : 7
[root@gvnkansiblesrv tmp]#
[root@gvnkansiblesrv tmp]#
[root@gvnkansiblesrv tmp]# chage imran
Changing the aging information for imran
Enter the new value, or press ENTER for the default

        Minimum Password Age [2]: 0
        Maximum Password Age [99999]: 120
        Last Password Change (YYYY-MM-DD) [2025-05-09]:
        Password Expiration Warning [7]: 5
        Password Inactive [-1]:
        Account Expiration Date (YYYY-MM-DD) [-1]:
[root@gvnkansiblesrv tmp]#
[root@gvnkansiblesrv tmp]# chage -l imran
Last password change                                    : May 09, 2025
Password expires                                        : Sep 06, 2025
Password inactive                                       : never
Account expires                                         : never
Minimum number of days between password change          : 0
Maximum number of days between password change          : 120
Number of days of warning before password expires       : 5
[root@gvnkansiblesrv tmp]#
[root@gvnkansiblesrv tmp]#
[root@gvnkansiblesrv tmp]#
[root@gvnkansiblesrv tmp]#
[root@gvnkansiblesrv tmp]# passwd -S username
passwd: Unknown user name 'username'.
[root@gvnkansiblesrv tmp]#
[root@gvnkansiblesrv tmp]#
[root@gvnkansiblesrv tmp]# passwd -s username
passwd: bad argument -s: unknown option
[root@gvnkansiblesrv tmp]#
[root@gvnkansiblesrv tmp]#
[root@gvnkansiblesrv tmp]# passwd -S imran
imran PS 2025-05-09 0 120 5 -1 (Password set, SHA512 crypt.)
[root@gvnkansiblesrv tmp]#
[root@gvnkansiblesrv tmp]#
[root@gvnkansiblesrv tmp]# passwd -l imran
Locking password for user imran.
passwd: Success
[root@gvnkansiblesrv tmp]#
[root@gvnkansiblesrv tmp]#
[root@gvnkansiblesrv tmp]#
[root@gvnkansiblesrv tmp]#
[root@gvnkansiblesrv tmp]#
[root@gvnkansiblesrv tmp]# passwd -S imran
imran LK 2025-05-09 0 120 5 -1 (Password locked.)
[root@gvnkansiblesrv tmp]#
[root@gvnkansiblesrv tmp]#
[root@gvnkansiblesrv tmp]#
[root@gvnkansiblesrv tmp]# passwd -U imran
passwd: bad argument -U: unknown option
[root@gvnkansiblesrv tmp]# passwd -u imran
Unlocking password for user imran.
passwd: Success
[root@gvnkansiblesrv tmp]#
[root@gvnkansiblesrv tmp]#
[root@gvnkansiblesrv tmp]# passwd -S imran
imran PS 2025-05-09 0 120 5 -1 (Password set, SHA512 crypt.)
[root@gvnkansiblesrv tmp]#
[root@gvnkansiblesrv tmp]#
[root@gvnkansiblesrv tmp]#
